<testsuites id="" name="" tests="1" failures="0" skipped="0" errors="0" time="6.446033999999985">
<testsuite name="login.spec.ts" timestamp="2026-03-24T04:56:48.200Z" hostname="chromium" tests="1" failures="0" skipped="0" time="4.655" errors="0">
<testcase name="Login test" classname="login.spec.ts" time="4.655">
<system-out>
<![CDATA[
[[ATTACHMENT|test-results/login-Login-test-chromium/trace.zip]]
]]>
</system-out>
</testcase>
</testsuite>
</testsuites>